--------------------------------------------------------------------------------
Release 14.7 Trace  (lin64)
Copyright (c) 1995-2013 Xilinx, Inc.  All rights reserved.

/opt/Xilinx/14.7/ISE_DS/ISE/bin/lin64/unwrapped/trce -intstyle ise -v 3 -s 3 -n
3 -fastpaths -xml arrayMultiplier16Bit.twx arrayMultiplier16Bit.ncd -o
arrayMultiplier16Bit.twr arrayMultiplier16Bit.pcf

Design file:              arrayMultiplier16Bit.ncd
Physical constraint file: arrayMultiplier16Bit.pcf
Device,package,speed:     xc6slx4,tqg144,C,-3 (PRODUCTION 1.23 2013-10-13)
Report level:             verbose report

Environment Variable      Effect 
--------------------      ------ 
NONE                      No environment variables were set
--------------------------------------------------------------------------------

INFO:Timing:2698 - No timing constraints found, doing default enumeration.
INFO:Timing:3412 - To improve timing, see the Timing Closure User Guide (UG612).
INFO:Timing:2752 - To get complete path coverage, use the unconstrained paths 
   option. All paths that are not constrained will be reported in the 
   unconstrained paths section(s) of the report.
INFO:Timing:3339 - The clock-to-out numbers in this timing report are based on 
   a 50 Ohm transmission line loading model.  For the details of this model, 
   and for more information on accounting for different loading conditions, 
   please see the device datasheet.



Data Sheet report:
-----------------
All values displayed in nanoseconds (ns)

Pad to Pad
---------------+---------------+---------+
Source Pad     |Destination Pad|  Delay  |
---------------+---------------+---------+
A<0>           |C<0>           |   13.107|
A<0>           |C<1>           |   12.822|
A<0>           |C<2>           |   12.994|
A<0>           |C<3>           |   14.133|
A<0>           |C<4>           |   18.864|
A<0>           |C<5>           |   20.143|
A<0>           |C<6>           |   21.015|
A<0>           |C<7>           |   21.382|
A<0>           |C<8>           |   24.154|
A<0>           |C<9>           |   24.539|
A<0>           |C<10>          |   25.188|
A<0>           |C<11>          |   25.434|
A<0>           |C<12>          |   25.193|
A<0>           |C<13>          |   25.943|
A<0>           |C<14>          |   25.395|
A<0>           |C<15>          |   25.183|
A<0>           |C<16>          |   25.447|
A<0>           |C<17>          |   25.332|
A<0>           |C<18>          |   25.733|
A<0>           |C<19>          |   25.985|
A<0>           |C<20>          |   25.577|
A<0>           |C<21>          |   26.020|
A<0>           |C<22>          |   25.713|
A<0>           |C<23>          |   25.435|
A<0>           |C<24>          |   25.431|
A<0>           |C<25>          |   25.545|
A<0>           |C<26>          |   24.874|
A<0>           |C<27>          |   25.130|
A<0>           |C<28>          |   24.712|
A<0>           |C<29>          |   24.954|
A<0>           |C<30>          |   24.797|
A<0>           |C<31>          |   24.812|
A<1>           |C<1>           |   12.062|
A<1>           |C<2>           |   12.223|
A<1>           |C<3>           |   13.373|
A<1>           |C<4>           |   18.104|
A<1>           |C<5>           |   19.383|
A<1>           |C<6>           |   20.255|
A<1>           |C<7>           |   20.622|
A<1>           |C<8>           |   23.394|
A<1>           |C<9>           |   23.779|
A<1>           |C<10>          |   24.428|
A<1>           |C<11>          |   24.674|
A<1>           |C<12>          |   24.433|
A<1>           |C<13>          |   25.183|
A<1>           |C<14>          |   24.635|
A<1>           |C<15>          |   24.423|
A<1>           |C<16>          |   24.687|
A<1>           |C<17>          |   24.572|
A<1>           |C<18>          |   24.973|
A<1>           |C<19>          |   25.225|
A<1>           |C<20>          |   24.817|
A<1>           |C<21>          |   25.260|
A<1>           |C<22>          |   24.953|
A<1>           |C<23>          |   24.675|
A<1>           |C<24>          |   24.671|
A<1>           |C<25>          |   24.785|
A<1>           |C<26>          |   24.114|
A<1>           |C<27>          |   24.370|
A<1>           |C<28>          |   23.952|
A<1>           |C<29>          |   24.194|
A<1>           |C<30>          |   24.037|
A<1>           |C<31>          |   24.052|
A<2>           |C<2>           |   12.162|
A<2>           |C<3>           |   13.604|
A<2>           |C<4>           |   18.335|
A<2>           |C<5>           |   19.614|
A<2>           |C<6>           |   20.486|
A<2>           |C<7>           |   20.853|
A<2>           |C<8>           |   23.625|
A<2>           |C<9>           |   24.010|
A<2>           |C<10>          |   24.659|
A<2>           |C<11>          |   24.905|
A<2>           |C<12>          |   24.664|
A<2>           |C<13>          |   25.414|
A<2>           |C<14>          |   24.866|
A<2>           |C<15>          |   24.654|
A<2>           |C<16>          |   24.918|
A<2>           |C<17>          |   24.803|
A<2>           |C<18>          |   25.204|
A<2>           |C<19>          |   25.456|
A<2>           |C<20>          |   25.048|
A<2>           |C<21>          |   25.491|
A<2>           |C<22>          |   25.184|
A<2>           |C<23>          |   24.906|
A<2>           |C<24>          |   24.902|
A<2>           |C<25>          |   25.016|
A<2>           |C<26>          |   24.345|
A<2>           |C<27>          |   24.601|
A<2>           |C<28>          |   24.183|
A<2>           |C<29>          |   24.425|
A<2>           |C<30>          |   24.268|
A<2>           |C<31>          |   24.283|
A<3>           |C<3>           |   11.460|
A<3>           |C<4>           |   14.959|
A<3>           |C<5>           |   16.238|
A<3>           |C<6>           |   17.110|
A<3>           |C<7>           |   17.477|
A<3>           |C<8>           |   20.249|
A<3>           |C<9>           |   20.634|
A<3>           |C<10>          |   21.283|
A<3>           |C<11>          |   21.529|
A<3>           |C<12>          |   21.288|
A<3>           |C<13>          |   22.038|
A<3>           |C<14>          |   21.490|
A<3>           |C<15>          |   21.907|
A<3>           |C<16>          |   22.265|
A<3>           |C<17>          |   22.150|
A<3>           |C<18>          |   22.923|
A<3>           |C<19>          |   23.166|
A<3>           |C<20>          |   22.816|
A<3>           |C<21>          |   23.259|
A<3>           |C<22>          |   22.952|
A<3>           |C<23>          |   22.674|
A<3>           |C<24>          |   22.670|
A<3>           |C<25>          |   22.784|
A<3>           |C<26>          |   22.113|
A<3>           |C<27>          |   22.369|
A<3>           |C<28>          |   21.951|
A<3>           |C<29>          |   22.193|
A<3>           |C<30>          |   22.036|
A<3>           |C<31>          |   22.051|
A<4>           |C<4>           |   11.472|
A<4>           |C<5>           |   12.537|
A<4>           |C<6>           |   12.881|
A<4>           |C<7>           |   14.152|
A<4>           |C<8>           |   17.634|
A<4>           |C<9>           |   17.998|
A<4>           |C<10>          |   18.647|
A<4>           |C<11>          |   19.348|
A<4>           |C<12>          |   19.149|
A<4>           |C<13>          |   19.878|
A<4>           |C<14>          |   19.605|
A<4>           |C<15>          |   19.383|
A<4>           |C<16>          |   19.698|
A<4>           |C<17>          |   19.583|
A<4>           |C<18>          |   20.145|
A<4>           |C<19>          |   20.397|
A<4>           |C<20>          |   19.989|
A<4>           |C<21>          |   20.432|
A<4>           |C<22>          |   20.241|
A<4>           |C<23>          |   19.953|
A<4>           |C<24>          |   19.990|
A<4>           |C<25>          |   20.104|
A<4>           |C<26>          |   19.433|
A<4>           |C<27>          |   19.689|
A<4>           |C<28>          |   19.271|
A<4>           |C<29>          |   19.513|
A<4>           |C<30>          |   19.356|
A<4>           |C<31>          |   19.371|
A<5>           |C<5>           |   11.498|
A<5>           |C<6>           |   12.370|
A<5>           |C<7>           |   13.898|
A<5>           |C<8>           |   17.380|
A<5>           |C<9>           |   17.744|
A<5>           |C<10>          |   18.393|
A<5>           |C<11>          |   19.094|
A<5>           |C<12>          |   18.895|
A<5>           |C<13>          |   19.624|
A<5>           |C<14>          |   19.351|
A<5>           |C<15>          |   19.129|
A<5>           |C<16>          |   19.444|
A<5>           |C<17>          |   19.329|
A<5>           |C<18>          |   19.891|
A<5>           |C<19>          |   20.143|
A<5>           |C<20>          |   19.735|
A<5>           |C<21>          |   20.178|
A<5>           |C<22>          |   19.871|
A<5>           |C<23>          |   19.593|
A<5>           |C<24>          |   19.589|
A<5>           |C<25>          |   19.703|
A<5>           |C<26>          |   19.032|
A<5>           |C<27>          |   19.288|
A<5>           |C<28>          |   18.870|
A<5>           |C<29>          |   19.112|
A<5>           |C<30>          |   18.955|
A<5>           |C<31>          |   18.970|
A<6>           |C<6>           |   11.837|
A<6>           |C<7>           |   13.217|
A<6>           |C<8>           |   16.699|
A<6>           |C<9>           |   17.063|
A<6>           |C<10>          |   17.963|
A<6>           |C<11>          |   18.709|
A<6>           |C<12>          |   18.510|
A<6>           |C<13>          |   19.239|
A<6>           |C<14>          |   18.966|
A<6>           |C<15>          |   18.744|
A<6>           |C<16>          |   19.059|
A<6>           |C<17>          |   18.944|
A<6>           |C<18>          |   19.506|
A<6>           |C<19>          |   19.911|
A<6>           |C<20>          |   19.603|
A<6>           |C<21>          |   20.046|
A<6>           |C<22>          |   20.023|
A<6>           |C<23>          |   19.735|
A<6>           |C<24>          |   19.772|
A<6>           |C<25>          |   19.886|
A<6>           |C<26>          |   19.215|
A<6>           |C<27>          |   19.471|
A<6>           |C<28>          |   19.053|
A<6>           |C<29>          |   19.295|
A<6>           |C<30>          |   19.138|
A<6>           |C<31>          |   19.153|
A<7>           |C<7>           |   12.455|
A<7>           |C<8>           |   15.937|
A<7>           |C<9>           |   16.825|
A<7>           |C<10>          |   18.076|
A<7>           |C<11>          |   18.822|
A<7>           |C<12>          |   18.623|
A<7>           |C<13>          |   19.352|
A<7>           |C<14>          |   19.079|
A<7>           |C<15>          |   18.857|
A<7>           |C<16>          |   19.172|
A<7>           |C<17>          |   19.057|
A<7>           |C<18>          |   19.619|
A<7>           |C<19>          |   19.871|
A<7>           |C<20>          |   19.463|
A<7>           |C<21>          |   19.906|
A<7>           |C<22>          |   19.599|
A<7>           |C<23>          |   19.321|
A<7>           |C<24>          |   19.317|
A<7>           |C<25>          |   19.431|
A<7>           |C<26>          |   18.760|
A<7>           |C<27>          |   19.016|
A<7>           |C<28>          |   18.598|
A<7>           |C<29>          |   18.840|
A<7>           |C<30>          |   18.683|
A<7>           |C<31>          |   18.698|
A<8>           |C<8>           |   12.293|
A<8>           |C<9>           |   12.610|
A<8>           |C<10>          |   13.259|
A<8>           |C<11>          |   13.681|
A<8>           |C<12>          |   16.411|
A<8>           |C<13>          |   18.243|
A<8>           |C<14>          |   18.404|
A<8>           |C<15>          |   18.379|
A<8>           |C<16>          |   18.737|
A<8>           |C<17>          |   18.938|
A<8>           |C<18>          |   19.724|
A<8>           |C<19>          |   19.981|
A<8>           |C<20>          |   19.673|
A<8>           |C<21>          |   20.116|
A<8>           |C<22>          |   20.288|
A<8>           |C<23>          |   20.600|
A<8>           |C<24>          |   20.706|
A<8>           |C<25>          |   20.820|
A<8>           |C<26>          |   20.264|
A<8>           |C<27>          |   20.685|
A<8>           |C<28>          |   20.361|
A<8>           |C<29>          |   20.603|
A<8>           |C<30>          |   20.446|
A<8>           |C<31>          |   20.461|
A<9>           |C<9>           |   12.853|
A<9>           |C<10>          |   13.502|
A<9>           |C<11>          |   13.757|
A<9>           |C<12>          |   16.270|
A<9>           |C<13>          |   18.102|
A<9>           |C<14>          |   18.263|
A<9>           |C<15>          |   18.238|
A<9>           |C<16>          |   18.596|
A<9>           |C<17>          |   18.797|
A<9>           |C<18>          |   19.583|
A<9>           |C<19>          |   19.840|
A<9>           |C<20>          |   19.532|
A<9>           |C<21>          |   19.975|
A<9>           |C<22>          |   20.291|
A<9>           |C<23>          |   20.603|
A<9>           |C<24>          |   20.709|
A<9>           |C<25>          |   20.823|
A<9>           |C<26>          |   20.267|
A<9>           |C<27>          |   20.688|
A<9>           |C<28>          |   20.364|
A<9>           |C<29>          |   20.606|
A<9>           |C<30>          |   20.449|
A<9>           |C<31>          |   20.464|
A<10>          |C<10>          |   13.311|
A<10>          |C<11>          |   14.148|
A<10>          |C<12>          |   16.624|
A<10>          |C<13>          |   18.456|
A<10>          |C<14>          |   18.617|
A<10>          |C<15>          |   18.676|
A<10>          |C<16>          |   19.034|
A<10>          |C<17>          |   19.235|
A<10>          |C<18>          |   20.021|
A<10>          |C<19>          |   20.278|
A<10>          |C<20>          |   19.970|
A<10>          |C<21>          |   20.413|
A<10>          |C<22>          |   20.232|
A<10>          |C<23>          |   19.944|
A<10>          |C<24>          |   19.991|
A<10>          |C<25>          |   20.105|
A<10>          |C<26>          |   19.434|
A<10>          |C<27>          |   19.690|
A<10>          |C<28>          |   19.272|
A<10>          |C<29>          |   19.514|
A<10>          |C<30>          |   19.357|
A<10>          |C<31>          |   19.372|
A<11>          |C<11>          |   13.665|
A<11>          |C<12>          |   16.679|
A<11>          |C<13>          |   18.511|
A<11>          |C<14>          |   18.672|
A<11>          |C<15>          |   18.647|
A<11>          |C<16>          |   19.005|
A<11>          |C<17>          |   19.206|
A<11>          |C<18>          |   19.992|
A<11>          |C<19>          |   20.249|
A<11>          |C<20>          |   19.941|
A<11>          |C<21>          |   20.384|
A<11>          |C<22>          |   20.203|
A<11>          |C<23>          |   19.915|
A<11>          |C<24>          |   19.962|
A<11>          |C<25>          |   20.076|
A<11>          |C<26>          |   19.405|
A<11>          |C<27>          |   19.661|
A<11>          |C<28>          |   19.243|
A<11>          |C<29>          |   19.485|
A<11>          |C<30>          |   19.328|
A<11>          |C<31>          |   19.343|
A<12>          |C<12>          |   14.532|
A<12>          |C<13>          |   16.364|
A<12>          |C<14>          |   16.525|
A<12>          |C<15>          |   16.425|
A<12>          |C<16>          |   17.370|
A<12>          |C<17>          |   17.735|
A<12>          |C<18>          |   18.582|
A<12>          |C<19>          |   19.130|
A<12>          |C<20>          |   19.198|
A<12>          |C<21>          |   19.620|
A<12>          |C<22>          |   19.587|
A<12>          |C<23>          |   19.299|
A<12>          |C<24>          |   19.401|
A<12>          |C<25>          |   19.515|
A<12>          |C<26>          |   18.844|
A<12>          |C<27>          |   19.100|
A<12>          |C<28>          |   18.682|
A<12>          |C<29>          |   18.924|
A<12>          |C<30>          |   18.767|
A<12>          |C<31>          |   18.782|
A<13>          |C<13>          |   15.096|
A<13>          |C<14>          |   15.257|
A<13>          |C<15>          |   15.689|
A<13>          |C<16>          |   16.962|
A<13>          |C<17>          |   17.327|
A<13>          |C<18>          |   18.249|
A<13>          |C<19>          |   18.797|
A<13>          |C<20>          |   18.865|
A<13>          |C<21>          |   19.287|
A<13>          |C<22>          |   19.254|
A<13>          |C<23>          |   18.966|
A<13>          |C<24>          |   19.068|
A<13>          |C<25>          |   19.182|
A<13>          |C<26>          |   18.511|
A<13>          |C<27>          |   18.767|
A<13>          |C<28>          |   18.349|
A<13>          |C<29>          |   18.591|
A<13>          |C<30>          |   18.434|
A<13>          |C<31>          |   18.449|
A<14>          |C<14>          |   14.994|
A<14>          |C<15>          |   15.929|
A<14>          |C<16>          |   17.202|
A<14>          |C<17>          |   17.567|
A<14>          |C<18>          |   18.489|
A<14>          |C<19>          |   19.037|
A<14>          |C<20>          |   19.105|
A<14>          |C<21>          |   19.527|
A<14>          |C<22>          |   19.494|
A<14>          |C<23>          |   19.206|
A<14>          |C<24>          |   19.308|
A<14>          |C<25>          |   19.422|
A<14>          |C<26>          |   18.751|
A<14>          |C<27>          |   19.007|
A<14>          |C<28>          |   18.589|
A<14>          |C<29>          |   18.831|
A<14>          |C<30>          |   18.674|
A<14>          |C<31>          |   18.689|
A<15>          |C<15>          |   15.281|
A<15>          |C<16>          |   16.554|
A<15>          |C<17>          |   16.919|
A<15>          |C<18>          |   17.841|
A<15>          |C<19>          |   18.389|
A<15>          |C<20>          |   18.457|
A<15>          |C<21>          |   18.879|
A<15>          |C<22>          |   18.846|
A<15>          |C<23>          |   18.558|
A<15>          |C<24>          |   18.660|
A<15>          |C<25>          |   18.774|
A<15>          |C<26>          |   18.103|
A<15>          |C<27>          |   18.359|
A<15>          |C<28>          |   17.941|
A<15>          |C<29>          |   18.183|
A<15>          |C<30>          |   18.026|
A<15>          |C<31>          |   18.041|
B<0>           |C<0>           |   12.604|
B<0>           |C<1>           |   12.436|
B<0>           |C<2>           |   11.235|
B<0>           |C<3>           |   13.747|
B<0>           |C<4>           |   18.478|
B<0>           |C<5>           |   19.757|
B<0>           |C<6>           |   20.629|
B<0>           |C<7>           |   20.996|
B<0>           |C<8>           |   23.768|
B<0>           |C<9>           |   24.153|
B<0>           |C<10>          |   24.802|
B<0>           |C<11>          |   25.048|
B<0>           |C<12>          |   24.807|
B<0>           |C<13>          |   25.557|
B<0>           |C<14>          |   25.009|
B<0>           |C<15>          |   24.797|
B<0>           |C<16>          |   25.061|
B<0>           |C<17>          |   24.946|
B<0>           |C<18>          |   25.347|
B<0>           |C<19>          |   25.599|
B<0>           |C<20>          |   25.191|
B<0>           |C<21>          |   25.634|
B<0>           |C<22>          |   25.327|
B<0>           |C<23>          |   25.049|
B<0>           |C<24>          |   25.045|
B<0>           |C<25>          |   25.159|
B<0>           |C<26>          |   24.488|
B<0>           |C<27>          |   24.744|
B<0>           |C<28>          |   24.326|
B<0>           |C<29>          |   24.568|
B<0>           |C<30>          |   24.411|
B<0>           |C<31>          |   24.426|
B<1>           |C<1>           |   12.122|
B<1>           |C<2>           |   10.932|
B<1>           |C<3>           |   13.433|
B<1>           |C<4>           |   18.164|
B<1>           |C<5>           |   19.443|
B<1>           |C<6>           |   20.315|
B<1>           |C<7>           |   20.682|
B<1>           |C<8>           |   23.454|
B<1>           |C<9>           |   23.839|
B<1>           |C<10>          |   24.488|
B<1>           |C<11>          |   24.734|
B<1>           |C<12>          |   24.493|
B<1>           |C<13>          |   25.243|
B<1>           |C<14>          |   24.695|
B<1>           |C<15>          |   24.483|
B<1>           |C<16>          |   24.747|
B<1>           |C<17>          |   24.632|
B<1>           |C<18>          |   25.033|
B<1>           |C<19>          |   25.285|
B<1>           |C<20>          |   24.877|
B<1>           |C<21>          |   25.320|
B<1>           |C<22>          |   25.013|
B<1>           |C<23>          |   24.735|
B<1>           |C<24>          |   24.731|
B<1>           |C<25>          |   24.845|
B<1>           |C<26>          |   24.174|
B<1>           |C<27>          |   24.430|
B<1>           |C<28>          |   24.012|
B<1>           |C<29>          |   24.254|
B<1>           |C<30>          |   24.097|
B<1>           |C<31>          |   24.112|
B<2>           |C<2>           |   10.101|
B<2>           |C<3>           |   10.618|
B<2>           |C<4>           |   13.700|
B<2>           |C<5>           |   15.245|
B<2>           |C<6>           |   16.117|
B<2>           |C<7>           |   16.484|
B<2>           |C<8>           |   19.256|
B<2>           |C<9>           |   19.641|
B<2>           |C<10>          |   20.290|
B<2>           |C<11>          |   20.536|
B<2>           |C<12>          |   20.295|
B<2>           |C<13>          |   21.045|
B<2>           |C<14>          |   20.497|
B<2>           |C<15>          |   20.285|
B<2>           |C<16>          |   20.549|
B<2>           |C<17>          |   20.434|
B<2>           |C<18>          |   20.835|
B<2>           |C<19>          |   21.087|
B<2>           |C<20>          |   20.679|
B<2>           |C<21>          |   21.122|
B<2>           |C<22>          |   20.815|
B<2>           |C<23>          |   20.537|
B<2>           |C<24>          |   20.533|
B<2>           |C<25>          |   20.647|
B<2>           |C<26>          |   19.976|
B<2>           |C<27>          |   20.232|
B<2>           |C<28>          |   19.814|
B<2>           |C<29>          |   20.056|
B<2>           |C<30>          |   19.899|
B<2>           |C<31>          |   19.914|
B<3>           |C<3>           |   10.747|
B<3>           |C<4>           |   14.446|
B<3>           |C<5>           |   15.767|
B<3>           |C<6>           |   16.639|
B<3>           |C<7>           |   17.006|
B<3>           |C<8>           |   19.778|
B<3>           |C<9>           |   20.163|
B<3>           |C<10>          |   20.812|
B<3>           |C<11>          |   21.058|
B<3>           |C<12>          |   20.817|
B<3>           |C<13>          |   21.567|
B<3>           |C<14>          |   21.019|
B<3>           |C<15>          |   20.807|
B<3>           |C<16>          |   21.071|
B<3>           |C<17>          |   20.956|
B<3>           |C<18>          |   21.357|
B<3>           |C<19>          |   21.609|
B<3>           |C<20>          |   21.201|
B<3>           |C<21>          |   21.644|
B<3>           |C<22>          |   21.337|
B<3>           |C<23>          |   21.059|
B<3>           |C<24>          |   21.055|
B<3>           |C<25>          |   21.169|
B<3>           |C<26>          |   20.498|
B<3>           |C<27>          |   20.754|
B<3>           |C<28>          |   20.336|
B<3>           |C<29>          |   20.578|
B<3>           |C<30>          |   20.421|
B<3>           |C<31>          |   20.436|
B<4>           |C<4>           |   10.086|
B<4>           |C<5>           |   12.460|
B<4>           |C<6>           |   12.827|
B<4>           |C<7>           |   13.722|
B<4>           |C<8>           |   17.204|
B<4>           |C<9>           |   17.761|
B<4>           |C<10>          |   18.556|
B<4>           |C<11>          |   19.302|
B<4>           |C<12>          |   19.061|
B<4>           |C<13>          |   19.811|
B<4>           |C<14>          |   19.480|
B<4>           |C<15>          |   19.258|
B<4>           |C<16>          |   19.573|
B<4>           |C<17>          |   19.458|
B<4>           |C<18>          |   20.066|
B<4>           |C<19>          |   20.318|
B<4>           |C<20>          |   20.178|
B<4>           |C<21>          |   20.600|
B<4>           |C<22>          |   20.567|
B<4>           |C<23>          |   20.279|
B<4>           |C<24>          |   20.326|
B<4>           |C<25>          |   20.440|
B<4>           |C<26>          |   19.769|
B<4>           |C<27>          |   20.025|
B<4>           |C<28>          |   19.607|
B<4>           |C<29>          |   19.849|
B<4>           |C<30>          |   19.692|
B<4>           |C<31>          |   19.707|
B<5>           |C<5>           |   12.398|
B<5>           |C<6>           |   13.270|
B<5>           |C<7>           |   13.885|
B<5>           |C<8>           |   17.367|
B<5>           |C<9>           |   18.204|
B<5>           |C<10>          |   18.999|
B<5>           |C<11>          |   19.745|
B<5>           |C<12>          |   19.504|
B<5>           |C<13>          |   20.254|
B<5>           |C<14>          |   19.923|
B<5>           |C<15>          |   19.701|
B<5>           |C<16>          |   20.016|
B<5>           |C<17>          |   19.901|
B<5>           |C<18>          |   20.509|
B<5>           |C<19>          |   20.761|
B<5>           |C<20>          |   20.353|
B<5>           |C<21>          |   20.796|
B<5>           |C<22>          |   20.489|
B<5>           |C<23>          |   20.211|
B<5>           |C<24>          |   20.207|
B<5>           |C<25>          |   20.321|
B<5>           |C<26>          |   19.650|
B<5>           |C<27>          |   19.906|
B<5>           |C<28>          |   19.488|
B<5>           |C<29>          |   19.730|
B<5>           |C<30>          |   19.573|
B<5>           |C<31>          |   19.588|
B<6>           |C<6>           |   12.052|
B<6>           |C<7>           |   12.911|
B<6>           |C<8>           |   16.555|
B<6>           |C<9>           |   17.420|
B<6>           |C<10>          |   18.127|
B<6>           |C<11>          |   18.873|
B<6>           |C<12>          |   18.632|
B<6>           |C<13>          |   19.382|
B<6>           |C<14>          |   19.051|
B<6>           |C<15>          |   18.829|
B<6>           |C<16>          |   19.144|
B<6>           |C<17>          |   19.029|
B<6>           |C<18>          |   19.637|
B<6>           |C<19>          |   19.889|
B<6>           |C<20>          |   19.481|
B<6>           |C<21>          |   19.924|
B<6>           |C<22>          |   19.617|
B<6>           |C<23>          |   19.339|
B<6>           |C<24>          |   19.335|
B<6>           |C<25>          |   19.449|
B<6>           |C<26>          |   18.778|
B<6>           |C<27>          |   19.034|
B<6>           |C<28>          |   18.616|
B<6>           |C<29>          |   18.858|
B<6>           |C<30>          |   18.701|
B<6>           |C<31>          |   18.716|
B<7>           |C<7>           |   12.919|
B<7>           |C<8>           |   16.563|
B<7>           |C<9>           |   17.428|
B<7>           |C<10>          |   18.077|
B<7>           |C<11>          |   18.511|
B<7>           |C<12>          |   18.270|
B<7>           |C<13>          |   19.020|
B<7>           |C<14>          |   18.638|
B<7>           |C<15>          |   18.416|
B<7>           |C<16>          |   18.731|
B<7>           |C<17>          |   18.616|
B<7>           |C<18>          |   19.224|
B<7>           |C<19>          |   19.476|
B<7>           |C<20>          |   19.068|
B<7>           |C<21>          |   19.511|
B<7>           |C<22>          |   19.204|
B<7>           |C<23>          |   18.926|
B<7>           |C<24>          |   18.922|
B<7>           |C<25>          |   19.036|
B<7>           |C<26>          |   18.365|
B<7>           |C<27>          |   18.621|
B<7>           |C<28>          |   18.203|
B<7>           |C<29>          |   18.445|
B<7>           |C<30>          |   18.288|
B<7>           |C<31>          |   18.303|
B<8>           |C<8>           |    9.317|
B<8>           |C<9>           |   12.465|
B<8>           |C<10>          |   13.114|
B<8>           |C<11>          |   13.493|
B<8>           |C<12>          |   18.071|
B<8>           |C<13>          |   19.387|
B<8>           |C<14>          |   19.888|
B<8>           |C<15>          |   20.338|
B<8>           |C<16>          |   20.696|
B<8>           |C<17>          |   20.581|
B<8>           |C<18>          |   21.354|
B<8>           |C<19>          |   21.597|
B<8>           |C<20>          |   21.247|
B<8>           |C<21>          |   21.690|
B<8>           |C<22>          |   21.383|
B<8>           |C<23>          |   21.105|
B<8>           |C<24>          |   21.101|
B<8>           |C<25>          |   21.215|
B<8>           |C<26>          |   20.544|
B<8>           |C<27>          |   20.800|
B<8>           |C<28>          |   20.382|
B<8>           |C<29>          |   20.624|
B<8>           |C<30>          |   20.467|
B<8>           |C<31>          |   20.482|
B<9>           |C<9>           |   13.254|
B<9>           |C<10>          |   13.903|
B<9>           |C<11>          |   14.298|
B<9>           |C<12>          |   18.860|
B<9>           |C<13>          |   20.176|
B<9>           |C<14>          |   20.677|
B<9>           |C<15>          |   21.127|
B<9>           |C<16>          |   21.485|
B<9>           |C<17>          |   21.370|
B<9>           |C<18>          |   22.143|
B<9>           |C<19>          |   22.386|
B<9>           |C<20>          |   22.036|
B<9>           |C<21>          |   22.479|
B<9>           |C<22>          |   22.172|
B<9>           |C<23>          |   21.894|
B<9>           |C<24>          |   21.890|
B<9>           |C<25>          |   22.004|
B<9>           |C<26>          |   21.333|
B<9>           |C<27>          |   21.589|
B<9>           |C<28>          |   21.171|
B<9>           |C<29>          |   21.413|
B<9>           |C<30>          |   21.256|
B<9>           |C<31>          |   21.271|
B<10>          |C<10>          |   10.630|
B<10>          |C<11>          |   13.162|
B<10>          |C<12>          |   17.249|
B<10>          |C<13>          |   18.479|
B<10>          |C<14>          |   18.866|
B<10>          |C<15>          |   19.316|
B<10>          |C<16>          |   19.674|
B<10>          |C<17>          |   19.559|
B<10>          |C<18>          |   20.332|
B<10>          |C<19>          |   20.575|
B<10>          |C<20>          |   20.225|
B<10>          |C<21>          |   20.668|
B<10>          |C<22>          |   20.361|
B<10>          |C<23>          |   20.083|
B<10>          |C<24>          |   20.079|
B<10>          |C<25>          |   20.193|
B<10>          |C<26>          |   19.522|
B<10>          |C<27>          |   19.778|
B<10>          |C<28>          |   19.360|
B<10>          |C<29>          |   19.602|
B<10>          |C<30>          |   19.445|
B<10>          |C<31>          |   19.460|
B<11>          |C<11>          |   13.117|
B<11>          |C<12>          |   17.204|
B<11>          |C<13>          |   18.434|
B<11>          |C<14>          |   18.745|
B<11>          |C<15>          |   19.195|
B<11>          |C<16>          |   19.553|
B<11>          |C<17>          |   19.438|
B<11>          |C<18>          |   20.211|
B<11>          |C<19>          |   20.454|
B<11>          |C<20>          |   20.104|
B<11>          |C<21>          |   20.547|
B<11>          |C<22>          |   20.240|
B<11>          |C<23>          |   19.962|
B<11>          |C<24>          |   19.958|
B<11>          |C<25>          |   20.072|
B<11>          |C<26>          |   19.401|
B<11>          |C<27>          |   19.657|
B<11>          |C<28>          |   19.239|
B<11>          |C<29>          |   19.481|
B<11>          |C<30>          |   19.324|
B<11>          |C<31>          |   19.339|
B<12>          |C<12>          |   11.959|
B<12>          |C<13>          |   14.528|
B<12>          |C<14>          |   15.029|
B<12>          |C<15>          |   15.479|
B<12>          |C<16>          |   16.052|
B<12>          |C<17>          |   16.670|
B<12>          |C<18>          |   17.791|
B<12>          |C<19>          |   18.574|
B<12>          |C<20>          |   18.741|
B<12>          |C<21>          |   19.163|
B<12>          |C<22>          |   18.985|
B<12>          |C<23>          |   18.695|
B<12>          |C<24>          |   18.730|
B<12>          |C<25>          |   18.844|
B<12>          |C<26>          |   18.173|
B<12>          |C<27>          |   18.429|
B<12>          |C<28>          |   18.011|
B<12>          |C<29>          |   18.253|
B<12>          |C<30>          |   18.096|
B<12>          |C<31>          |   18.111|
B<13>          |C<13>          |   14.517|
B<13>          |C<14>          |   15.018|
B<13>          |C<15>          |   15.468|
B<13>          |C<16>          |   15.921|
B<13>          |C<17>          |   16.468|
B<13>          |C<18>          |   17.589|
B<13>          |C<19>          |   18.372|
B<13>          |C<20>          |   18.539|
B<13>          |C<21>          |   18.961|
B<13>          |C<22>          |   18.783|
B<13>          |C<23>          |   18.493|
B<13>          |C<24>          |   18.528|
B<13>          |C<25>          |   18.642|
B<13>          |C<26>          |   17.971|
B<13>          |C<27>          |   18.227|
B<13>          |C<28>          |   17.809|
B<13>          |C<29>          |   18.051|
B<13>          |C<30>          |   17.894|
B<13>          |C<31>          |   17.909|
B<14>          |C<14>          |   12.780|
B<14>          |C<15>          |   13.705|
B<14>          |C<16>          |   14.883|
B<14>          |C<17>          |   15.248|
B<14>          |C<18>          |   16.330|
B<14>          |C<19>          |   16.937|
B<14>          |C<20>          |   17.104|
B<14>          |C<21>          |   17.526|
B<14>          |C<22>          |   17.348|
B<14>          |C<23>          |   17.058|
B<14>          |C<24>          |   17.093|
B<14>          |C<25>          |   17.207|
B<14>          |C<26>          |   16.536|
B<14>          |C<27>          |   16.792|
B<14>          |C<28>          |   16.374|
B<14>          |C<29>          |   16.616|
B<14>          |C<30>          |   16.459|
B<14>          |C<31>          |   16.474|
B<15>          |C<15>          |   13.973|
B<15>          |C<16>          |   15.151|
B<15>          |C<17>          |   15.590|
B<15>          |C<18>          |   16.711|
B<15>          |C<19>          |   17.494|
B<15>          |C<20>          |   17.661|
B<15>          |C<21>          |   18.083|
B<15>          |C<22>          |   17.905|
B<15>          |C<23>          |   17.615|
B<15>          |C<24>          |   17.650|
B<15>          |C<25>          |   17.764|
B<15>          |C<26>          |   17.093|
B<15>          |C<27>          |   17.349|
B<15>          |C<28>          |   16.931|
B<15>          |C<29>          |   17.173|
B<15>          |C<30>          |   17.016|
B<15>          |C<31>          |   17.031|
---------------+---------------+---------+


Analysis completed Wed Oct 14 14:42:07 2020 
--------------------------------------------------------------------------------

Trace Settings:
-------------------------
Trace Settings 

Peak Memory Usage: 368 MB



